warning: hidden lifetime parameters in types are deprecated
  --> src/jwe/parse.rs:23:47
   |
23 |     pub(crate) fn from_str(s: &str) -> Result<JWE> {
   |                                               ^^^ expected lifetime parameter
   |
note: the lint level is defined here
  --> src/lib.rs:40:23
   |
40 | #![warn(missing_docs, rust_2018_idioms)]
   |                       ^^^^^^^^^^^^^^^^
   = note: `#[warn(elided_lifetimes_in_paths)]` implied by `#[warn(rust_2018_idioms)]`
help: indicate the anonymous lifetime
   |
23 |     pub(crate) fn from_str(s: &str) -> Result<JWE<'_>> {
   |                                                  ++++

warning: hidden lifetime parameters in types are deprecated
  --> src/jwe/parse.rs:33:24
   |
33 |         let protected: ProtectedHeader =
   |                        ^^^^^^^^^^^^^^^ expected lifetime parameter
   |
help: indicate the anonymous lifetime
   |
33 |         let protected: ProtectedHeader<'_> =
   |                                       ++++

warning: hidden lifetime parameters in types are deprecated
  --> src/jws/parse.rs:19:47
   |
19 |     pub(crate) fn from_str(s: &str) -> Result<JWS> {
   |                                               ^^^ expected lifetime parameter
   |
help: indicate the anonymous lifetime
   |
19 |     pub(crate) fn from_str(s: &str) -> Result<JWS<'_>> {
   |                                                  ++++

warning: hidden lifetime parameters in types are deprecated
  --> src/jws/parse.rs:26:39
   |
26 |             let mut protected = Vec::<ProtectedHeader>::with_capacity(len);
   |                                       ^^^^^^^^^^^^^^^ expected lifetime parameter
   |
help: indicate the anonymous lifetime
   |
26 |             let mut protected = Vec::<ProtectedHeader<'_>>::with_capacity(len);
   |                                                      ++++

warning: hidden lifetime parameters in types are deprecated
  --> src/jws/parse.rs:40:24
   |
40 |                 let p: ProtectedHeader =
   |                        ^^^^^^^^^^^^^^^ expected lifetime parameter
   |
help: indicate the anonymous lifetime
   |
40 |                 let p: ProtectedHeader<'_> =
   |                                       ++++

warning: hidden lifetime parameters in types are deprecated
  --> src/jws/parse.rs:85:24
   |
85 |     let parsed_header: CompactHeader =
   |                        ^^^^^^^^^^^^^ expected lifetime parameter
   |
help: indicate the anonymous lifetime
   |
85 |     let parsed_header: CompactHeader<'_> =
   |                                     ++++

warning: unnecessary parentheses around method argument
    --> src/message/pack_encrypted/mod.rs:2808:17
     |
2808 |                 (&PackEncryptedOptions {
     |                 ^
...
2811 |                 }),
     |                  ^
     |
     = note: `#[warn(unused_parens)]` on by default
help: remove these parentheses
     |
2808 ~                 &PackEncryptedOptions {
2809 |                     forward: false,
2810 |                     ..PackEncryptedOptions::default()
2811 ~                 },
     |

warning: hidden lifetime parameters in types are deprecated
   --> src/protocols/routing/mod.rs:175:51
    |
175 | pub fn try_parse_forward(msg: &Message) -> Option<ParsedForward> {
    |                                                   ^^^^^^^^^^^^^ expected lifetime parameter
    |
help: indicate the anonymous lifetime
    |
175 | pub fn try_parse_forward(msg: &Message) -> Option<ParsedForward<'_>> {
    |                                                                ++++

warning: field `0` is never read
   --> src/utils/crypto.rs:131:10
    |
131 |     P384(P384KeyPair),
    |     ---- ^^^^^^^^^^^
    |     |
    |     field in this variant
    |
    = note: `KnownKeyPair` has a derived impl for the trait `Debug`, but this is intentionally ignored during dead code analysis
    = note: `#[warn(dead_code)]` on by default
help: consider changing the field to be of unit type to suppress this warning while preserving the field numbering, or remove the field
    |
131 -     P384(P384KeyPair),
131 +     P384(()),
    |

warning: method `as_p384` is never used
   --> src/utils/crypto.rs:172:8
    |
135 | pub(crate) trait AsKnownKeyPair {
    |                  -------------- method in this trait
...
172 |     fn as_p384(&self) -> Result<P384KeyPair> {
    |        ^^^^^^^

warning: missing documentation for a method
   --> src/message/attachment.rs:174:5
    |
174 |     pub fn filename(mut self, filename: String) -> Self {
    |     ^^^^^^^^^^^^^^^^^^^^^^^^^^^^^^^^^^^^^^^^^^^^^^^^^^^
    |
note: the lint level is defined here
   --> src/lib.rs:40:9
    |
40  | #![warn(missing_docs, rust_2018_idioms)]
    |         ^^^^^^^^^^^^

warning: missing documentation for a method
   --> src/message/attachment.rs:179:5
    |
179 |     pub fn media_type(mut self, media_type: String) -> Self {
    |     ^^^^^^^^^^^^^^^^^^^^^^^^^^^^^^^^^^^^^^^^^^^^^^^^^^^^^^^

warning: missing documentation for a method
   --> src/message/attachment.rs:184:5
    |
184 |     pub fn format(mut self, format: String) -> Self {
    |     ^^^^^^^^^^^^^^^^^^^^^^^^^^^^^^^^^^^^^^^^^^^^^^^

warning: missing documentation for a method
   --> src/message/attachment.rs:189:5
    |
189 |     pub fn lastmod_time(mut self, lastmod_time: u64) -> Self {
    |     ^^^^^^^^^^^^^^^^^^^^^^^^^^^^^^^^^^^^^^^^^^^^^^^^^^^^^^^^

warning: missing documentation for a method
   --> src/message/attachment.rs:194:5
    |
194 |     pub fn byte_count(mut self, byte_count: u64) -> Self {
    |     ^^^^^^^^^^^^^^^^^^^^^^^^^^^^^^^^^^^^^^^^^^^^^^^^^^^^

warning: missing documentation for a method
   --> src/message/attachment.rs:199:5
    |
199 |     pub fn jws(mut self, jws: String) -> Self {
    |     ^^^^^^^^^^^^^^^^^^^^^^^^^^^^^^^^^^^^^^^^^

warning: missing documentation for a struct field
  --> src/message/from_prior/mod.rs:10:5
   |
10 |     pub iss: String,
   |     ^^^^^^^^^^^^^^^

warning: missing documentation for a struct field
  --> src/message/from_prior/mod.rs:12:5
   |
12 |     pub sub: String,
   |     ^^^^^^^^^^^^^^^

warning: missing documentation for a struct field
  --> src/message/from_prior/mod.rs:15:5
   |
15 |     pub aud: Option<String>,
   |     ^^^^^^^^^^^^^^^^^^^^^^^

warning: missing documentation for a struct field
  --> src/message/from_prior/mod.rs:18:5
   |
18 |     pub exp: Option<u64>,
   |     ^^^^^^^^^^^^^^^^^^^^

warning: missing documentation for a struct field
  --> src/message/from_prior/mod.rs:21:5
   |
21 |     pub nbf: Option<u64>,
   |     ^^^^^^^^^^^^^^^^^^^^

warning: missing documentation for a struct field
  --> src/message/from_prior/mod.rs:24:5
   |
24 |     pub iat: Option<u64>,
   |     ^^^^^^^^^^^^^^^^^^^^

warning: missing documentation for a struct field
  --> src/message/from_prior/mod.rs:27:5
   |
27 |     pub jti: Option<String>,
   |     ^^^^^^^^^^^^^^^^^^^^^^^

warning: missing documentation for an associated function
  --> src/message/from_prior/mod.rs:33:5
   |
33 |     pub fn build(iss: String, sub: String) -> FromPriorBuilder {
   |     ^^^^^^^^^^^^^^^^^^^^^^^^^^^^^^^^^^^^^^^^^^^^^^^^^^^^^^^^^^

warning: missing documentation for a method
   --> src/message/message.rs:239:5
    |
239 |     pub fn thid(mut self, thid: String) -> Self {
    |     ^^^^^^^^^^^^^^^^^^^^^^^^^^^^^^^^^^^^^^^^^^^

warning: missing documentation for a method
   --> src/message/message.rs:244:5
    |
244 |     pub fn pthid(mut self, pthid: String) -> Self {
    |     ^^^^^^^^^^^^^^^^^^^^^^^^^^^^^^^^^^^^^^^^^^^^^

warning: missing documentation for a method
   --> src/message/message.rs:249:5
    |
249 |     pub fn header(mut self, key: String, value: Value) -> Self {
    |     ^^^^^^^^^^^^^^^^^^^^^^^^^^^^^^^^^^^^^^^^^^^^^^^^^^^^^^^^^^

warning: missing documentation for a method
   --> src/message/message.rs:254:5
    |
254 |     pub fn created_time(mut self, created_time: u64) -> Self {
    |     ^^^^^^^^^^^^^^^^^^^^^^^^^^^^^^^^^^^^^^^^^^^^^^^^^^^^^^^^

warning: missing documentation for a method
   --> src/message/message.rs:259:5
    |
259 |     pub fn expires_time(mut self, expires_time: u64) -> Self {
    |     ^^^^^^^^^^^^^^^^^^^^^^^^^^^^^^^^^^^^^^^^^^^^^^^^^^^^^^^^

warning: missing documentation for a method
   --> src/message/message.rs:264:5
    |
264 |     pub fn from_prior(mut self, from_prior: String) -> Self {
    |     ^^^^^^^^^^^^^^^^^^^^^^^^^^^^^^^^^^^^^^^^^^^^^^^^^^^^^^^

warning: missing documentation for a method
   --> src/message/message.rs:269:5
    |
269 |     pub fn attachment(mut self, attachment: Attachment) -> Self {
    |     ^^^^^^^^^^^^^^^^^^^^^^^^^^^^^^^^^^^^^^^^^^^^^^^^^^^^^^^^^^^

warning: missing documentation for a method
   --> src/message/message.rs:279:5
    |
279 |     pub fn attachments(mut self, attachments: Vec<Attachment>) -> Self {
    |     ^^^^^^^^^^^^^^^^^^^^^^^^^^^^^^^^^^^^^^^^^^^^^^^^^^^^^^^^^^^^^^^^^^

warning: missing documentation for a module
 --> src/did/mod.rs:1:1
  |
1 | pub mod resolvers;
  | ^^^^^^^^^^^^^^^^^

warning: missing documentation for an associated function
  --> src/did/resolvers/example.rs:14:5
   |
14 |     pub fn new(known_dids: Vec<DIDDoc>) -> Self {
   |     ^^^^^^^^^^^^^^^^^^^^^^^^^^^^^^^^^^^^^^^^^^^

warning: missing documentation for a struct field
  --> src/did/did_doc.rs:34:5
   |
34 |     pub id: String,
   |     ^^^^^^^^^^^^^^

warning: missing documentation for a struct field
  --> src/did/did_doc.rs:36:5
   |
36 |     pub type_: VerificationMethodType,
   |     ^^^^^^^^^^^^^^^^^^^^^^^^^^^^^^^^^

warning: missing documentation for a struct field
  --> src/did/did_doc.rs:37:5
   |
37 |     pub controller: String,
   |     ^^^^^^^^^^^^^^^^^^^^^^

warning: missing documentation for a struct field
  --> src/did/did_doc.rs:39:5
   |
39 |     pub verification_material: VerificationMaterial,
   |     ^^^^^^^^^^^^^^^^^^^^^^^^^^^^^^^^^^^^^^^^^^^^^^^

warning: missing documentation for an enum
  --> src/did/did_doc.rs:43:1
   |
43 | pub enum VerificationMethodType {
   | ^^^^^^^^^^^^^^^^^^^^^^^^^^^^^^^

warning: missing documentation for a variant
  --> src/did/did_doc.rs:44:5
   |
44 |     JsonWebKey2020,
   |     ^^^^^^^^^^^^^^

warning: missing documentation for a variant
  --> src/did/did_doc.rs:45:5
   |
45 |     X25519KeyAgreementKey2019,
   |     ^^^^^^^^^^^^^^^^^^^^^^^^^

warning: missing documentation for a variant
  --> src/did/did_doc.rs:46:5
   |
46 |     Ed25519VerificationKey2018,
   |     ^^^^^^^^^^^^^^^^^^^^^^^^^^

warning: missing documentation for a variant
  --> src/did/did_doc.rs:47:5
   |
47 |     EcdsaSecp256k1VerificationKey2019,
   |     ^^^^^^^^^^^^^^^^^^^^^^^^^^^^^^^^^

warning: missing documentation for a variant
  --> src/did/did_doc.rs:48:5
   |
48 |     X25519KeyAgreementKey2020,
   |     ^^^^^^^^^^^^^^^^^^^^^^^^^

warning: missing documentation for a variant
  --> src/did/did_doc.rs:49:5
   |
49 |     Ed25519VerificationKey2020,
   |     ^^^^^^^^^^^^^^^^^^^^^^^^^^

warning: missing documentation for a variant
  --> src/did/did_doc.rs:50:5
   |
50 |     Other,
   |     ^^^^^

warning: missing documentation for a variant
  --> src/did/did_doc.rs:58:5
   |
58 |     JWK { public_key_jwk: Value },
   |     ^^^

warning: missing documentation for a struct field
  --> src/did/did_doc.rs:58:11
   |
58 |     JWK { public_key_jwk: Value },
   |           ^^^^^^^^^^^^^^^^^^^^^

warning: missing documentation for a variant
  --> src/did/did_doc.rs:61:5
   |
61 |     Multibase { public_key_multibase: String },
   |     ^^^^^^^^^

warning: missing documentation for a struct field
  --> src/did/did_doc.rs:61:17
   |
61 |     Multibase { public_key_multibase: String },
   |                 ^^^^^^^^^^^^^^^^^^^^^^^^^^^^

warning: missing documentation for a variant
  --> src/did/did_doc.rs:64:5
   |
64 |     Base58 { public_key_base58: String },
   |     ^^^^^^

warning: missing documentation for a struct field
  --> src/did/did_doc.rs:64:14
   |
64 |     Base58 { public_key_base58: String },
   |              ^^^^^^^^^^^^^^^^^^^^^^^^^

warning: missing documentation for a struct field
  --> src/did/did_doc.rs:70:5
   |
70 |     pub id: String,
   |     ^^^^^^^^^^^^^^

warning: missing documentation for a struct field
  --> src/did/did_doc.rs:73:5
   |
73 |     pub service_endpoint: ServiceKind,
   |     ^^^^^^^^^^^^^^^^^^^^^^^^^^^^^^^^^

warning: missing documentation for a variant
  --> src/did/did_doc.rs:80:5
   |
80 |     DIDCommMessaging {
   |     ^^^^^^^^^^^^^^^^

warning: missing documentation for a struct field
  --> src/did/did_doc.rs:82:9
   |
82 |         value: DIDCommMessagingService,
   |         ^^^^^^^^^^^^^^^^^^^^^^^^^^^^^^

warning: missing documentation for a variant
  --> src/did/did_doc.rs:84:5
   |
84 |     Other {
   |     ^^^^^

warning: missing documentation for a struct field
  --> src/did/did_doc.rs:86:9
   |
86 |         value: Value,
   |         ^^^^^^^^^^^^

warning: missing documentation for a struct field
  --> src/did/did_doc.rs:95:5
   |
95 |     pub uri: String,
   |     ^^^^^^^^^^^^^^^

warning: missing documentation for a struct field
  --> src/did/did_doc.rs:99:5
   |
99 |     pub accept: Option<Vec<String>>,
   |     ^^^^^^^^^^^^^^^^^^^^^^^^^^^^^^^

warning: missing documentation for a struct field
   --> src/did/did_doc.rs:102:5
    |
102 |     pub routing_keys: Vec<String>,
    |     ^^^^^^^^^^^^^^^^^^^^^^^^^^^^^

warning: missing documentation for a variant
  --> src/error.rs:15:5
   |
15 |     DIDNotResolved,
   |     ^^^^^^^^^^^^^^

warning: missing documentation for a variant
  --> src/error.rs:18:5
   |
18 |     DIDUrlNotFound,
   |     ^^^^^^^^^^^^^^

warning: missing documentation for a variant
  --> src/error.rs:21:5
   |
21 |     DIDDocumentInvalid,
   |     ^^^^^^^^^^^^^^^^^^

warning: missing documentation for a variant
  --> src/error.rs:25:5
   |
25 |     SecretNotFound,
   |     ^^^^^^^^^^^^^^

warning: missing documentation for a variant
  --> src/error.rs:28:5
   |
28 |     InvalidKeyMaterial,
   |     ^^^^^^^^^^^^^^^^^^

warning: missing documentation for a variant
  --> src/error.rs:31:5
   |
31 |     KeyDerivationFailed,
   |     ^^^^^^^^^^^^^^^^^^^

warning: missing documentation for a variant
  --> src/error.rs:35:5
   |
35 |     Malformed,
   |     ^^^^^^^^^

warning: missing documentation for a variant
  --> src/error.rs:38:5
   |
38 |     EncryptionFailed,
   |     ^^^^^^^^^^^^^^^^

warning: missing documentation for a variant
  --> src/error.rs:41:5
   |
41 |     DecryptionFailed,
   |     ^^^^^^^^^^^^^^^^

warning: missing documentation for a variant
  --> src/error.rs:44:5
   |
44 |     SignatureVerificationFailed,
   |     ^^^^^^^^^^^^^^^^^^^^^^^^^^^

warning: missing documentation for a variant
  --> src/error.rs:47:5
   |
47 |     SignatureCreationFailed,
   |     ^^^^^^^^^^^^^^^^^^^^^^^

warning: missing documentation for a variant
  --> src/error.rs:51:5
   |
51 |     ProtocolViolation,
   |     ^^^^^^^^^^^^^^^^^

warning: missing documentation for a variant
  --> src/error.rs:54:5
   |
54 |     UnsupportedFormat,
   |     ^^^^^^^^^^^^^^^^^

warning: missing documentation for a variant
  --> src/error.rs:57:5
   |
57 |     MissingRequiredField,
   |     ^^^^^^^^^^^^^^^^^^^^

warning: missing documentation for a variant
  --> src/error.rs:61:5
   |
61 |     NoCompatibleCrypto,
   |     ^^^^^^^^^^^^^^^^^^

warning: missing documentation for a variant
  --> src/error.rs:64:5
   |
64 |     CryptoOperationFailed,
   |     ^^^^^^^^^^^^^^^^^^^^^

warning: missing documentation for a variant
  --> src/error.rs:67:5
   |
67 |     Unsupported,
   |     ^^^^^^^^^^^

warning: missing documentation for a variant
  --> src/error.rs:71:5
   |
71 |     IoError,
   |     ^^^^^^^

warning: missing documentation for a variant
  --> src/error.rs:74:5
   |
74 |     InvalidState,
   |     ^^^^^^^^^^^^

warning: missing documentation for a variant
  --> src/error.rs:77:5
   |
77 |     IllegalArgument,
   |     ^^^^^^^^^^^^^^^

warning: missing documentation for a variant
  --> src/error.rs:80:5
   |
80 |     Timeout,
   |     ^^^^^^^

warning: missing documentation for a variant
  --> src/error.rs:83:5
   |
83 |     ResourceExhausted,
   |     ^^^^^^^^^^^^^^^^^

warning: missing documentation for a struct field
   --> src/error.rs:110:5
    |
110 |     pub source: anyhow::Error,
    |     ^^^^^^^^^^^^^^^^^^^^^^^^^

warning: missing documentation for a type alias
   --> src/error.rs:388:1
    |
388 | pub type Result<T> = std::result::Result<T, Error>;
    | ^^^^^^^^^^^^^^^^^^

warning: missing documentation for a trait
   --> src/error.rs:390:1
    |
390 | pub trait ResultExt<T, E> {
    | ^^^^^^^^^^^^^^^^^^^^^^^^^

warning: missing documentation for a method
   --> src/error.rs:391:5
    |
391 | /     fn kind<D>(self, kind: ErrorKind, msg: D) -> Result<T>
392 | |     where
393 | |         D: fmt::Display + fmt::Debug + Send + Sync + 'static;
    | |_____________________________________________________________^

warning: missing documentation for a trait
   --> src/error.rs:412:1
    |
412 | pub trait ResultExtNoContext<T, E> {
    | ^^^^^^^^^^^^^^^^^^^^^^^^^^^^^^^^^^

warning: missing documentation for a method
   --> src/error.rs:413:5
    |
413 |     fn to_error_kind(self, kind: ErrorKind) -> std::result::Result<T, ErrorKind>;
    |     ^^^^^^^^^^^^^^^^^^^^^^^^^^^^^^^^^^^^^^^^^^^^^^^^^^^^^^^^^^^^^^^^^^^^^^^^^^^^^

warning: missing documentation for a method
   --> src/error.rs:415:5
    |
415 | /     fn kind_no_context<D>(self, kind: ErrorKind, msg: D) -> Result<T>
416 | |     where
417 | |         D: fmt::Display + fmt::Debug + Send + Sync + 'static;
    | |_____________________________________________________________^

warning: missing documentation for a trait
   --> src/error.rs:433:1
    |
433 | pub trait ResultContext<T> {
    | ^^^^^^^^^^^^^^^^^^^^^^^^^^

warning: missing documentation for a method
   --> src/error.rs:434:5
    |
434 | /     fn context<D>(self, msg: D) -> Result<T>
435 | |     where
436 | |         D: fmt::Display + fmt::Debug + Send + Sync + 'static;
    | |_____________________________________________________________^

warning: missing documentation for a trait
   --> src/error.rs:456:1
    |
456 | pub trait ToResult<T> {
    | ^^^^^^^^^^^^^^^^^^^^^

warning: missing documentation for a method
   --> src/error.rs:457:5
    |
457 | /     fn to_didcomm<D>(self, msg: D) -> Result<T>
458 | |     where
459 | |         D: fmt::Display + fmt::Debug + Send + Sync + 'static;
    | |_____________________________________________________________^

warning: missing documentation for a function
   --> src/error.rs:515:1
    |
515 | / pub fn err_msg<D>(kind: ErrorKind, msg: D) -> Error
516 | | where
517 | |     D: fmt::Display + fmt::Debug + Send + Sync + 'static,
    | |_________________________________________________________^

warning: missing documentation for a module
 --> src/protocols/mod.rs:1:1
  |
1 | pub mod routing;
  | ^^^^^^^^^^^^^^^

warning: missing documentation for a struct field
 --> src/protocols/routing/forward.rs:9:5
  |
9 |     pub msg: &'a Message,
  |     ^^^^^^^^^^^^^^^^^^^^

warning: missing documentation for a struct field
  --> src/protocols/routing/forward.rs:10:5
   |
10 |     pub next: String,
   |     ^^^^^^^^^^^^^^^^

warning: missing documentation for a struct field
  --> src/protocols/routing/forward.rs:11:5
   |
11 |     pub forwarded_msg: Value,
   |     ^^^^^^^^^^^^^^^^^^^^^^^^

warning: missing documentation for a module
 --> src/secrets/mod.rs:3:1
  |
3 | pub mod resolvers;
  | ^^^^^^^^^^^^^^^^^

warning: missing documentation for a variant
  --> src/secrets/mod.rs:87:5
   |
87 |     JsonWebKey2020,
   |     ^^^^^^^^^^^^^^

warning: missing documentation for a variant
  --> src/secrets/mod.rs:88:5
   |
88 |     X25519KeyAgreementKey2019,
   |     ^^^^^^^^^^^^^^^^^^^^^^^^^

warning: missing documentation for a variant
  --> src/secrets/mod.rs:89:5
   |
89 |     X25519KeyAgreementKey2020,
   |     ^^^^^^^^^^^^^^^^^^^^^^^^^

warning: missing documentation for a variant
  --> src/secrets/mod.rs:90:5
   |
90 |     Ed25519VerificationKey2018,
   |     ^^^^^^^^^^^^^^^^^^^^^^^^^^

warning: missing documentation for a variant
  --> src/secrets/mod.rs:91:5
   |
91 |     Ed25519VerificationKey2020,
   |     ^^^^^^^^^^^^^^^^^^^^^^^^^^

warning: missing documentation for a variant
  --> src/secrets/mod.rs:92:5
   |
92 |     EcdsaSecp256k1VerificationKey2019,
   |     ^^^^^^^^^^^^^^^^^^^^^^^^^^^^^^^^^

warning: missing documentation for a variant
  --> src/secrets/mod.rs:93:5
   |
93 |     Other,
   |     ^^^^^

warning: missing documentation for a variant
   --> src/secrets/mod.rs:101:5
    |
101 |     JWK { private_key_jwk: Value },
    |     ^^^

warning: missing documentation for a struct field
   --> src/secrets/mod.rs:101:11
    |
101 |     JWK { private_key_jwk: Value },
    |           ^^^^^^^^^^^^^^^^^^^^^^

warning: missing documentation for a variant
   --> src/secrets/mod.rs:104:5
    |
104 |     Multibase { private_key_multibase: String },
    |     ^^^^^^^^^

warning: missing documentation for a struct field
   --> src/secrets/mod.rs:104:17
    |
104 |     Multibase { private_key_multibase: String },
    |                 ^^^^^^^^^^^^^^^^^^^^^^^^^^^^^

warning: missing documentation for a variant
   --> src/secrets/mod.rs:107:5
    |
107 |     Base58 { private_key_base58: String },
    |     ^^^^^^

warning: missing documentation for a struct field
   --> src/secrets/mod.rs:107:14
    |
107 |     Base58 { private_key_base58: String },
    |              ^^^^^^^^^^^^^^^^^^^^^^^^^^

warning: missing documentation for a struct
 --> src/secrets/resolvers/example.rs:8:1
  |
8 | pub struct ExampleSecretsResolver {
  | ^^^^^^^^^^^^^^^^^^^^^^^^^^^^^^^^^

warning: missing documentation for an associated function
  --> src/secrets/resolvers/example.rs:13:5
   |
13 |     pub fn new(known_secrets: Vec<Secret>) -> Self {
   |     ^^^^^^^^^^^^^^^^^^^^^^^^^^^^^^^^^^^^^^^^^^^^^^

warning: `navia-didcomm` (lib test) generated 115 warnings (run `cargo fix --lib -p navia-didcomm --tests` to apply 1 suggestion)
    Finished `test` profile [unoptimized + debuginfo] target(s) in 0.29s
     Running unittests src/lib.rs (target/debug/deps/navia_didcomm-fa66a80b0a03462d)

running 174 tests
test debug_key_tests::test_p256_key ... ok
test did::did_doc::tests::parsing_minimal_didcomm_messaging_service_works ... ok
test debug_key_tests::test_ed25519_key ... ok
test did::caching_resolver::tests::test_caching_resolver_avoids_duplicate_resolutions ... ok
test did::caching_resolver::tests::test_caching_resolver_handles_not_found ... ok
test debug_key_tests::test_k256_key ... ok
test jwe::decrypt::tests::decrypt_works_epk_different_curve ... ignored, https://github.com/hyperledger/aries-askar/issues/28
test jwe::decrypt::tests::decrypt_works_epk_wrong_point ... ok
test jwe::decrypt::tests::decrypt_works_changed_enc_key ... FAILED
test jwe::decrypt::tests::decrypt_works_anoncrypt_skid_present ... FAILED
test jwe::decrypt::tests::decrypt_works_different_recipient_key ... FAILED
test jwe::decrypt::tests::decrypt_works_authcrypt_different_skid ... FAILED
test jwe::decrypt::tests::decrypt_works_changed_ciphertext ... FAILED
test jwe::decrypt::tests::decrypt_works_undecodable_encrypted_key ... FAILED
test jwe::decrypt::tests::decrypt_works_authcrypt_no_skid ... FAILED
test jwe::decrypt::tests::decrypt_works_undecodable_ciphertext ... FAILED
test jwe::decrypt::tests::decrypt_works_undecodable_iv ... FAILED
test jwe::decrypt::tests::decrypt_works_undecodable_tag ... FAILED
test jwe::envelope::tests::algorithm_deserialize_works ... ok
test jwe::envelope::tests::enc_algorithm_serialize_works ... ok
test jwe::envelope::tests::algorithm_serialize_works ... ok
test jwe::envelope::tests::enc_algorithm_deserialize_works ... ok
test jwe::decrypt::tests::decrypt_works_recipient_not_found ... FAILED
test jwe::parse::tests::parse_works_anoncrypt_protected_unknown_fields ... ok
test jwe::parse::tests::parse_works_anoncrypt ... ok
test jwe::parse::tests::parse_works_anoncrypt_unknown_fields ... ok
test jwe::parse::tests::parse_works_authcrypt ... ok
test jwe::parse::tests::parse_works_authcrypt_protected_unknown_fields ... ok
test jwe::parse::tests::parse_works_authcrypt_unknown_fields ... ok
test jwe::encrypt::tests::encrypt_works_no_sender ... FAILED
test jwe::parse::tests::parse_works_uparsable_protected ... FAILED
test jwe::parse::tests::parse_works_misstructured_protected ... FAILED
test jwe::parse::tests::parse_works_undecodable_apu ... FAILED
test jwe::parse::tests::parse_works_misstructured ... FAILED
test jwe::parse::tests::parse_works_udecodable_protected ... FAILED
test jwe::parse::tests::parse_works_unparsable ... FAILED
test jwe::parse::tests::verify_did_comm_works_authcrypt ... ok
test jwe::parse::tests::verify_didcomm_works_apu_mismatch ... FAILED
test jwe::parse::tests::verify_didcomm_works_no_apu_skid_present ... FAILED
test jwe::parse::tests::verify_didcomm_works_non_utf8_apu ... FAILED
test jwe::parse::tests::verify_didcomm_works_anoncrypt ... ok
test jwe::parse::tests::verify_didcomm_works_apv_mismatch ... FAILED
test jws::envelope::tests::algorithm_deserialize_works ... ok
test jws::envelope::tests::algorithm_serialize_works ... ok
test jws::parse::tests::parse_compact_works ... ok
test jws::parse::tests::parse_compact_works_header_unknown_fields ... ok
test jwk::tests::from_to_jwk_value_works ... ok
test jws::parse::tests::parse_works ... ok
test jws::parse::tests::parse_compact_works_misstructured_header ... FAILED
test jws::parse::tests::parse_compact_works_too_few_segments ... FAILED
test jws::parse::tests::parse_compact_works_too_many_segments ... FAILED
test jws::parse::tests::parse_compact_works_unparsable_header ... FAILED
test jws::parse::tests::parse_compact_works_undecodable_header ... FAILED
test jws::parse::tests::parse_works_misstructured ... FAILED
test jws::parse::tests::parse_works_misstructured_protected ... FAILED
test jws::parse::tests::parse_works_multiple_signatures ... ok
test jws::parse::tests::parse_works_protected_unknown_fields ... ok
test jws::parse::tests::parse_works_undecodable_protected ... FAILED
test jws::parse::tests::parse_works_unknown_fields ... ok
test jws::parse::tests::parse_works_unparsable ... FAILED
test jws::parse::tests::parse_works_unparsable_protected ... FAILED
test jws::sign::tests::sign_compact_works_incompatible_alg ... FAILED
test jws::sign::tests::sign_compact_works_unknown_alg ... FAILED
test jws::sign::tests::sign_works_incompatible_alg ... FAILED
test jws::sign::tests::sign_works_unknown_alg ... FAILED
test jws::verify::tests::verify_compact_works ... ok
test jws::verify::tests::verify_compact_works_changed_payload ... ok
test jws::verify::tests::verify_compact_works_different_curve ... FAILED
test jws::tests::demo_works ... ok
test debug_key_tests::test_p384_key ... ok
test jws::verify::tests::verify_compact_works_undecodable_sig ... FAILED
test jws::verify::tests::verify_compact_works_different_key ... ok
test jws::verify::tests::verify_works_different_curve ... FAILED
test jws::verify::tests::verify_works ... ok
test jws::verify::tests::verify_works_kid_not_found ... FAILED
test jws::verify::tests::verify_works_changed_payload ... ok
test jws::verify::tests::verify_works_undecodable_sig ... FAILED
test message::attachment::tests::attachment_base64_works ... ok
test message::attachment::tests::attachment_json_works ... ok
test message::attachment::tests::attachment_links_works ... ok
test message::from_prior::pack::tests::from_prior_pack_works_invalid ... FAILED
test message::from_prior::pack::tests::from_prior_pack_works_without_issuer_kid ... ok
test message::from_prior::pack::tests::from_prior_pack_works_wrong_issuer_kid ... FAILED
test message::from_prior::pack::tests::from_prior_pack_works_with_issuer_kid ... ok
test jws::verify::tests::verify_works_different_key ... ok
test message::message::tests::message_build_works ... ok
test jws::verify::tests::verify_works_multiple_signatures ... ok
test message::from_prior::unpack::tests::from_prior_unpack_works_invalid_signature ... FAILED
test message::from_prior::unpack::tests::from_prior_unpack_works ... ok
test message::from_prior::unpack::tests::from_prior_unpack_works_invalid ... FAILED
test jwe::decrypt::tests::decrypt_works_changed_second_enc_key ... ok
test jws::sign::tests::sign_works ... ok
test message::pack_encrypted::tests::pack_encrypted_works_from_did_from_msg_did_url ... FAILED
test jws::sign::tests::sign_compact_works ... ok
test message::pack_encrypted::tests::pack_encrypted_works_from_differs_msg_from ... FAILED
test message::pack_encrypted::tests::pack_encrypted_works_from_not_did_or_did_url ... FAILED
test message::pack_encrypted::tests::pack_encrypted_works_from_did_url_from_msg_did_positive ... ok
test message::pack_encrypted::tests::pack_encrypted_works_from_not_did_or_did_url_in_msg ... FAILED
test message::pack_encrypted::tests::pack_encrypted_works_from_not_in_secrets ... ok
test message::pack_encrypted::tests::pack_encrypted_works_from_unknown_did ... ok
test message::pack_encrypted::tests::pack_encrypted_works_from_unknown_did_url ... ok
test message::pack_encrypted::tests::pack_encrypted_works_from_prior ... ok
test message::pack_encrypted::tests::pack_encrypted_works_sign_by_differs_msg_from_positive ... ok
test message::pack_encrypted::tests::pack_encrypted_works_sign_by_not_did_or_did_url ... FAILED
test message::pack_encrypted::tests::pack_encrypted_works_sign_by_not_in_secrets ... ok
test message::pack_encrypted::tests::pack_encrypted_works_sign_by_unknown_did_url ... ok
test jwe::decrypt::tests::decrypt_works ... ok
test message::pack_encrypted::tests::pack_encrypted_works_to_did_to_msg_did_url ... FAILED
test message::pack_encrypted::tests::pack_encrypted_works_to_did_url_to_msg_did_positive ... ok
test message::pack_encrypted::tests::pack_encrypted_works_to_differs_msg_to ... FAILED
test message::pack_encrypted::tests::pack_encrypted_works_to_from_different_curves ... FAILED
test message::pack_encrypted::tests::pack_encrypted_works_to_not_did_or_did_url ... FAILED
test message::pack_encrypted::tests::pack_encrypted_works_to_not_did_or_did_url_in_msg ... FAILED
test message::pack_encrypted::tests::pack_encrypted_works_to_not_in_secrets_positive ... ok
test message::pack_encrypted::tests::pack_encrypted_works_to_presented_in_msg_to ... ok
test message::pack_encrypted::tests::pack_encrypted_works_to_unknown_did ... ok
test message::pack_encrypted::tests::pack_encrypted_works_to_unknown_did_url ... ok
test message::pack_encrypted::tests::pack_encrypted_works_single_mediator ... ok
test message::pack_plaintext::tests::pack_plaintext_works ... ok
test message::pack_plaintext::tests::pack_plaintext_works_from_prior ... ok
test message::pack_plaintext::tests::pack_plaintext_works_mismatched_from_prior_sub_and_message_from ... FAILED
test message::pack_signed::tests::pack_signed_works ... ok
test message::pack_signed::tests::pack_signed_works_from_prior ... ok
test message::pack_signed::tests::pack_signed_works_signer_did_not_found ... ok
test message::pack_signed::tests::pack_signed_works_signer_did_resolving_err ... FAILED
test message::pack_signed::tests::pack_signed_works_signer_did_url_not_found ... ok
test message::pack_signed::tests::pack_signed_works_signer_is_not_did_our_did_url ... FAILED
test message::pack_signed::tests::pack_signed_works_signer_secrets_not_found ... ok
test message::pack_signed::tests::pack_signed_works_unable_instantiate_sign_key ... FAILED
test message::pack_encrypted::tests::pack_encrypted_works_anoncrypt_sign ... ok
test message::unpack::test::unpack_plaintext_works_from_prior ... ok
test message::unpack::test::unpack_plaintext_works_invalid_from_prior ... FAILED
test message::unpack::test::unpack_plaintext_works_invalid_from_prior_signature ... FAILED
test message::unpack::test::unpack_works_anoncrypt ... ok
test message::pack_encrypted::tests::wrap_in_forward_works_mediator_unknown_to_sender ... ok
test message::unpack::test::unpack_works_authcrypt ... ok
test message::unpack::test::pack_encrypted_works_anoncrypted_signed ... ok
test message::pack_encrypted::tests::pack_encrypted_works_multiple_mediators_alternative_endpoints ... ok
test message::pack_encrypted::tests::pack_encrypted_works_authcrypt_sign ... ok
test message::pack_encrypted::tests::pack_encrypted_works_anoncrypt ... ok
test message::unpack::test::unpack_works_invalid_epk_point ... ok
test message::unpack::test::unpack_works_malformed_anoncrypt_msg ... FAILED
test message::unpack::test::unpack_works_malformed_authcrypt_msg ... FAILED
test message::unpack::test::unpack_works_malformed_plaintext_msg ... FAILED
test message::unpack::test::unpack_works_malformed_signed_msg ... FAILED
test message::unpack::test::unpack_works_plaintext ... ok
test message::unpack::test::unpack_works_plaintext_2way ... ok
test message::unpack::test::unpack_works_signed ... ok
test message::unpack::test::unpack_works_authcrypted_signed_2way ... ok
test message::unpack::test::unpack_works_signed_2way ... ok
test message::unpack::test::unpack_works_authcrypted_2way ... ok
test tests::demo_works ... ignored, will be fixed after https://github.com/sicpa-dlab/didcomm-gemini/issues/71
test utils::did::tests::deserialization_for_base58_key_representation_works ... ok
test utils::did::tests::did_or_url_works ... ok
test utils::did::tests::is_did_works ... ok
test utils::did::tests::secret_as_key_pair_ed25519_2018_base58_works ... ok
test utils::did::tests::secret_as_key_pair_ed25519_2020_multibase_works ... ok
test utils::did::tests::secret_as_key_pair_x25519_2019_base58_works ... ok
test utils::did::tests::secret_as_key_pair_x25519_2020_multibase_works ... ok
test utils::did::tests::verification_method_as_key_pair_ed25519_2018_base58_works ... ok
test utils::did::tests::verification_method_as_key_pair_ed25519_2020_multibase_works ... ok
test utils::did::tests::verification_method_as_key_pair_x25519_2019_base58_works ... ok
test utils::did::tests::verification_method_as_key_pair_x25519_2020_multibase_works ... ok
test utils::secure_cmp::tests::test_secure_string_eq ... ok
test utils::secure_cmp::tests::test_secure_string_eq_constant_time ... ok
test message::unpack::test::unpack_works_anoncrypted_2way ... ok
test message::unpack::test::unpack_works_unwrap_re_wrapping_forward_on ... ok
test message::unpack::test::unpack_works_unwrap_re_wrapping_forward_off ... ok
test message::pack_encrypted::tests::pack_encrypted_works_authcrypt_protected_sender_signed ... ok
test message::unpack::test::unpack_works_authcrypted_protected_sender_signed_2way ... ok
test message::pack_encrypted::tests::pack_encrypted_works_authcrypt ... ok
test jwe::encrypt::tests::encrypt_works ... ok
test message::unpack::test::unpack_works_authcrypted_protected_sender_2way ... ok
test message::pack_encrypted::tests::pack_encrypted_works_authcrypt_protected_sender ... ok

failures:

---- jwe::decrypt::tests::decrypt_works_changed_enc_key stdout ----

thread 'jwe::decrypt::tests::decrypt_works_changed_enc_key' panicked at src/jwe/decrypt.rs:739:13:
assertion `left == right` failed
  left: "Message malformed or invalid: Unable unwrap cek: Message malformed or invalid: Unable decrypt key: Encryption error: Unable decrypt key: Encryption error"
 right: "Malformed: Unable unwrap cek: Malformed: Unable decrypt key: Encryption error: Unable decrypt key: Encryption error"

---- jwe::decrypt::tests::decrypt_works_anoncrypt_skid_present stdout ----

thread 'jwe::decrypt::tests::decrypt_works_anoncrypt_skid_present' panicked at src/jwe/decrypt.rs:363:9:
assertion `left == right` failed
  left: "Invalid system state: Wrong skid used"
 right: "Invalid state: Wrong skid used"

---- jwe::decrypt::tests::decrypt_works_different_recipient_key stdout ----

thread 'jwe::decrypt::tests::decrypt_works_different_recipient_key' panicked at src/jwe/decrypt.rs:627:13:
assertion `left == right` failed
  left: "Message malformed or invalid: Unable unwrap cek: Message malformed or invalid: Unable decrypt key: Encryption error: Unable decrypt key: Encryption error"
 right: "Malformed: Unable unwrap cek: Malformed: Unable decrypt key: Encryption error: Unable decrypt key: Encryption error"
note: run with `RUST_BACKTRACE=1` environment variable to display a backtrace

---- jwe::decrypt::tests::decrypt_works_authcrypt_different_skid stdout ----

thread 'jwe::decrypt::tests::decrypt_works_authcrypt_different_skid' panicked at src/jwe/decrypt.rs:331:9:
assertion `left == right` failed
  left: "Invalid system state: Wrong skid used"
 right: "Invalid state: Wrong skid used"

---- jwe::decrypt::tests::decrypt_works_changed_ciphertext stdout ----

thread 'jwe::decrypt::tests::decrypt_works_changed_ciphertext' panicked at src/jwe/decrypt.rs:966:13:
assertion `left == right` failed
  left: "Message malformed or invalid: Unable decrypt content: AEAD decryption error"
 right: "Malformed: Unable decrypt content: AEAD decryption error"

---- jwe::decrypt::tests::decrypt_works_undecodable_encrypted_key stdout ----

thread 'jwe::decrypt::tests::decrypt_works_undecodable_encrypted_key' panicked at src/jwe/decrypt.rs:399:9:
assertion `left == right` failed
  left: "Message malformed or invalid: Unable decode encrypted_key: Invalid symbol 33, offset 0."
 right: "Malformed: Unable decode encrypted_key: Invalid symbol 33, offset 0."

---- jwe::decrypt::tests::decrypt_works_authcrypt_no_skid stdout ----

thread 'jwe::decrypt::tests::decrypt_works_authcrypt_no_skid' panicked at src/jwe/decrypt.rs:349:9:
assertion `left == right` failed
  left: "Invalid system state: Wrong skid used"
 right: "Invalid state: Wrong skid used"

---- jwe::decrypt::tests::decrypt_works_undecodable_ciphertext stdout ----

thread 'jwe::decrypt::tests::decrypt_works_undecodable_ciphertext' panicked at src/jwe/decrypt.rs:465:9:
assertion `left == right` failed
  left: "Message malformed or invalid: Unable decode ciphertext: Invalid symbol 33, offset 0."
 right: "Malformed: Unable decode ciphertext: Invalid symbol 33, offset 0."

---- jwe::decrypt::tests::decrypt_works_undecodable_iv stdout ----

thread 'jwe::decrypt::tests::decrypt_works_undecodable_iv' panicked at src/jwe/decrypt.rs:443:9:
assertion `left == right` failed
  left: "Message malformed or invalid: Unable decode iv: Invalid symbol 33, offset 0."
 right: "Malformed: Unable decode iv: Invalid symbol 33, offset 0."

---- jwe::decrypt::tests::decrypt_works_undecodable_tag stdout ----

thread 'jwe::decrypt::tests::decrypt_works_undecodable_tag' panicked at src/jwe/decrypt.rs:421:9:
assertion `left == right` failed
  left: "Message malformed or invalid: Unable decode tag: Invalid symbol 33, offset 0."
 right: "Malformed: Unable decode tag: Invalid symbol 33, offset 0."

---- jwe::decrypt::tests::decrypt_works_recipient_not_found stdout ----

thread 'jwe::decrypt::tests::decrypt_works_recipient_not_found' panicked at src/jwe/decrypt.rs:381:9:
assertion `left == right` failed
  left: "Invalid system state: Recipient not found"
 right: "Invalid state: Recipient not found"

---- jwe::encrypt::tests::encrypt_works_no_sender stdout ----

thread 'jwe::encrypt::tests::encrypt_works_no_sender' panicked at src/jwe/encrypt.rs:445:9:
assertion `left == right` failed
  left: "Invalid system state: Unable derive kw: Invalid system state: No sender key for ecdh-1pu: No sender key for ecdh-1pu"
 right: "Invalid state: Unable derive kw: Invalid state: No sender key for ecdh-1pu: No sender key for ecdh-1pu"

---- jwe::parse::tests::parse_works_uparsable_protected stdout ----

thread 'jwe::parse::tests::parse_works_uparsable_protected' panicked at src/jwe/parse.rs:731:9:
assertion `left == right` failed
  left: "Message malformed or invalid: Unable parse protected header: trailing comma at line 1 column 317"
 right: "Malformed: Unable parse protected header: trailing comma at line 1 column 317"

---- jwe::parse::tests::parse_works_misstructured_protected stdout ----

thread 'jwe::parse::tests::parse_works_misstructured_protected' panicked at src/jwe/parse.rs:774:9:
assertion `left == right` failed
  left: "Message malformed or invalid: Unable parse protected header: missing field `alg` at line 1 column 292"
 right: "Malformed: Unable parse protected header: missing field `alg` at line 1 column 292"

---- jwe::parse::tests::parse_works_undecodable_apu stdout ----

thread 'jwe::parse::tests::parse_works_undecodable_apu' panicked at src/jwe/parse.rs:817:9:
assertion `left == right` failed
  left: "Message malformed or invalid: Unable decode apu: Invalid symbol 33, offset 0."
 right: "Malformed: Unable decode apu: Invalid symbol 33, offset 0."

---- jwe::parse::tests::parse_works_misstructured stdout ----

thread 'jwe::parse::tests::parse_works_misstructured' panicked at src/jwe/parse.rs:645:9:
assertion `left == right` failed
  left: "Message malformed or invalid: Unable parse jwe: missing field `iv` at line 26 column 10"
 right: "Malformed: Unable parse jwe: missing field `iv` at line 26 column 10"

---- jwe::parse::tests::parse_works_udecodable_protected stdout ----

thread 'jwe::parse::tests::parse_works_udecodable_protected' panicked at src/jwe/parse.rs:688:9:
assertion `left == right` failed
  left: "Message malformed or invalid: Unable decode protected header: Invalid symbol 33, offset 0."
 right: "Malformed: Unable decode protected header: Invalid symbol 33, offset 0."

---- jwe::parse::tests::parse_works_unparsable stdout ----

thread 'jwe::parse::tests::parse_works_unparsable' panicked at src/jwe/parse.rs:603:9:
assertion `left == right` failed
  left: "Message malformed or invalid: Unable parse jwe: trailing comma at line 27 column 10"
 right: "Malformed: Unable parse jwe: trailing comma at line 27 column 10"

---- jwe::parse::tests::verify_didcomm_works_apu_mismatch stdout ----

thread 'jwe::parse::tests::verify_didcomm_works_apu_mismatch' panicked at src/jwe/parse.rs:1110:9:
assertion `left == right` failed
  left: "Message malformed or invalid: APU mismatch"
 right: "Malformed: APU mismatch"

---- jwe::parse::tests::verify_didcomm_works_no_apu_skid_present stdout ----

thread 'jwe::parse::tests::verify_didcomm_works_no_apu_skid_present' panicked at src/jwe/parse.rs:1153:9:
assertion `left == right` failed
  left: "Message malformed or invalid: SKID present, but no apu"
 right: "Malformed: SKID present, but no apu"

---- jwe::parse::tests::verify_didcomm_works_non_utf8_apu stdout ----

thread 'jwe::parse::tests::verify_didcomm_works_non_utf8_apu' panicked at src/jwe/parse.rs:863:9:
assertion `left == right` failed
  left: "Message malformed or invalid: Invalid utf8 for apu: invalid utf-8 sequence of 1 bytes from index 0"
 right: "Malformed: Invalid utf8 for apu: invalid utf-8 sequence of 1 bytes from index 0"

---- jwe::parse::tests::verify_didcomm_works_apv_mismatch stdout ----

thread 'jwe::parse::tests::verify_didcomm_works_apv_mismatch' panicked at src/jwe/parse.rs:909:9:
assertion `left == right` failed
  left: "Message malformed or invalid: APV mismatch"
 right: "Malformed: APV mismatch"

---- jws::parse::tests::parse_compact_works_misstructured_header stdout ----

thread 'jws::parse::tests::parse_compact_works_misstructured_header' panicked at src/jws/parse.rs:635:9:
assertion `left == right` failed
  left: "Message malformed or invalid: Unable parse header: missing field `alg` at line 1 column 55"
 right: "Malformed: Unable parse header: missing field `alg` at line 1 column 55"

---- jws::parse::tests::parse_compact_works_too_few_segments stdout ----

thread 'jws::parse::tests::parse_compact_works_too_few_segments' panicked at src/jws/parse.rs:526:9:
assertion `left == right` failed
  left: "Message malformed or invalid: Unable to parse compactly serialized JWS"
 right: "Malformed: Unable to parse compactly serialized JWS"

---- jws::parse::tests::parse_compact_works_too_many_segments stdout ----

thread 'jws::parse::tests::parse_compact_works_too_many_segments' panicked at src/jws/parse.rs:556:9:
assertion `left == right` failed
  left: "Message malformed or invalid: Unable to parse compactly serialized JWS"
 right: "Malformed: Unable to parse compactly serialized JWS"

---- jws::parse::tests::parse_compact_works_unparsable_header stdout ----

thread 'jws::parse::tests::parse_compact_works_unparsable_header' panicked at src/jws/parse.rs:610:9:
assertion `left == right` failed
  left: "Message malformed or invalid: Unable parse header: key must be a string at line 1 column 2"
 right: "Malformed: Unable parse header: key must be a string at line 1 column 2"

---- jws::parse::tests::parse_compact_works_undecodable_header stdout ----

thread 'jws::parse::tests::parse_compact_works_undecodable_header' panicked at src/jws/parse.rs:583:9:
assertion `left == right` failed
  left: "Message malformed or invalid: Unable decode header: Invalid symbol 33, offset 0."
 right: "Malformed: Unable decode header: Invalid symbol 33, offset 0."

---- jws::parse::tests::parse_works_misstructured stdout ----

thread 'jws::parse::tests::parse_works_misstructured' panicked at src/jws/parse.rs:337:9:
assertion `left == right` failed
  left: "Message malformed or invalid: Unable parse jws: missing field `kid` at line 9 column 17"
 right: "Malformed: Unable parse jws: missing field `kid` at line 9 column 17"

---- jws::parse::tests::parse_works_misstructured_protected stdout ----

thread 'jws::parse::tests::parse_works_misstructured_protected' panicked at src/jws/parse.rs:424:9:
assertion `left == right` failed
  left: "Message malformed or invalid: Unable parse protected header: missing field `alg` at line 1 column 41"
 right: "Malformed: Unable parse protected header: missing field `alg` at line 1 column 41"

---- jws::parse::tests::parse_works_undecodable_protected stdout ----

thread 'jws::parse::tests::parse_works_undecodable_protected' panicked at src/jws/parse.rs:366:9:
assertion `left == right` failed
  left: "Message malformed or invalid: Unable decode protected header: Invalid symbol 33, offset 0."
 right: "Malformed: Unable decode protected header: Invalid symbol 33, offset 0."

---- jws::parse::tests::parse_works_unparsable stdout ----

thread 'jws::parse::tests::parse_works_unparsable' panicked at src/jws/parse.rs:309:9:
assertion `left == right` failed
  left: "Message malformed or invalid: Unable parse jws: trailing comma at line 10 column 19"
 right: "Malformed: Unable parse jws: trailing comma at line 10 column 19"

---- jws::parse::tests::parse_works_unparsable_protected stdout ----

thread 'jws::parse::tests::parse_works_unparsable_protected' panicked at src/jws/parse.rs:395:9:
assertion `left == right` failed
  left: "Message malformed or invalid: Unable parse protected header: key must be a string at line 1 column 2"
 right: "Malformed: Unable parse protected header: key must be a string at line 1 column 2"

---- jws::sign::tests::sign_compact_works_incompatible_alg stdout ----

thread 'jws::sign::tests::sign_compact_works_incompatible_alg' panicked at src/jws/sign.rs:429:13:
assertion `left == right` failed
  left: "Invalid system state: Unable create signature: Unsupported signature type"
 right: "Invalid state: Unable create signature: Unsupported signature type"

---- jws::sign::tests::sign_compact_works_unknown_alg stdout ----

thread 'jws::sign::tests::sign_compact_works_unknown_alg' panicked at src/jws/sign.rs:474:13:
assertion `left == right` failed
  left: "Unsupported cryptographic algorithm or method: Unsupported signature type"
 right: "Unsupported crypto or method: Unsupported signature type"

---- jws::sign::tests::sign_works_incompatible_alg stdout ----

thread 'jws::sign::tests::sign_works_incompatible_alg' panicked at src/jws/sign.rs:243:13:
assertion `left == right` failed
  left: "Invalid system state: Unable create signature: Unsupported signature type"
 right: "Invalid state: Unable create signature: Unsupported signature type"

---- jws::sign::tests::sign_works_unknown_alg stdout ----

thread 'jws::sign::tests::sign_works_unknown_alg' panicked at src/jws/sign.rs:284:13:
assertion `left == right` failed
  left: "Unsupported cryptographic algorithm or method: Unsupported signature type"
 right: "Unsupported crypto or method: Unsupported signature type"

---- jws::verify::tests::verify_compact_works_different_curve stdout ----

thread 'jws::verify::tests::verify_compact_works_different_curve' panicked at src/jws/verify.rs:304:9:
assertion `left == right` failed
  left: "Message malformed or invalid: Unable verify signature: Unsupported signature type"
 right: "Malformed: Unable verify signature: Unsupported signature type"

---- jws::verify::tests::verify_compact_works_undecodable_sig stdout ----

thread 'jws::verify::tests::verify_compact_works_undecodable_sig' panicked at src/jws/verify.rs:320:9:
assertion `left == right` failed
  left: "Message malformed or invalid: Unable decode signature: Invalid symbol 33, offset 0."
 right: "Malformed: Unable decode signature: Invalid symbol 33, offset 0."

---- jws::verify::tests::verify_works_different_curve stdout ----

thread 'jws::verify::tests::verify_works_different_curve' panicked at src/jws/verify.rs:202:13:
assertion `left == right` failed
  left: "Message malformed or invalid: Unable verify signature: Unsupported signature type"
 right: "Malformed: Unable verify signature: Unsupported signature type"

---- jws::verify::tests::verify_works_kid_not_found stdout ----

thread 'jws::verify::tests::verify_works_kid_not_found' panicked at src/jws/verify.rs:230:13:
assertion `left == right` failed
  left: "Invalid system state: KID not found"
 right: "Invalid state: KID not found"

---- jws::verify::tests::verify_works_undecodable_sig stdout ----

thread 'jws::verify::tests::verify_works_undecodable_sig' panicked at src/jws/verify.rs:264:13:
assertion `left == right` failed
  left: "Message malformed or invalid: Unable decode signature: Invalid symbol 33, offset 0."
 right: "Malformed: Unable decode signature: Invalid symbol 33, offset 0."

---- message::from_prior::pack::tests::from_prior_pack_works_invalid stdout ----

thread 'message::from_prior::pack::tests::from_prior_pack_works_invalid' panicked at src/message/from_prior/pack.rs:371:13:
assertion `left == right` failed
  left: "Message malformed or invalid: from_prior `iss` must be a non-fragment DID"
 right: "Malformed: from_prior `iss` must be a non-fragment DID"

---- message::from_prior::pack::tests::from_prior_pack_works_wrong_issuer_kid stdout ----

thread 'message::from_prior::pack::tests::from_prior_pack_works_wrong_issuer_kid' panicked at src/message/from_prior/pack.rs:310:13:
assertion `left == right` failed
  left: "Illegal argument provided: from_prior issuer kid does not belong to from_prior `iss`"
 right: "Illegal argument: from_prior issuer kid does not belong to from_prior `iss`"

---- message::from_prior::unpack::tests::from_prior_unpack_works_invalid_signature stdout ----

thread 'message::from_prior::unpack::tests::from_prior_unpack_works_invalid_signature' panicked at src/message/from_prior/unpack.rs:194:9:
assertion `left == right` failed
  left: "Message malformed or invalid: Unable to verify from_prior signature: Unable decode signature: Invalid last symbol 66, offset 85."
 right: "Malformed: Unable to verify from_prior signature: Unable decode signature: Invalid last symbol 66, offset 85."

---- message::from_prior::unpack::tests::from_prior_unpack_works_invalid stdout ----

thread 'message::from_prior::unpack::tests::from_prior_unpack_works_invalid' panicked at src/message/from_prior/unpack.rs:178:9:
assertion `left == right` failed
  left: "Message malformed or invalid: Unable to parse compactly serialized JWS"
 right: "Malformed: Unable to parse compactly serialized JWS"

---- message::pack_encrypted::tests::pack_encrypted_works_from_did_from_msg_did_url stdout ----

thread 'message::pack_encrypted::tests::pack_encrypted_works_from_did_from_msg_did_url' panicked at src/message/pack_encrypted/mod.rs:2450:9:
assertion `left == right` failed
  left: "Illegal argument provided: `message.from` value is not equal to `from` value's DID"
 right: "Illegal argument: `message.from` value is not equal to `from` value's DID"

---- message::pack_encrypted::tests::pack_encrypted_works_from_differs_msg_from stdout ----

thread 'message::pack_encrypted::tests::pack_encrypted_works_from_differs_msg_from' panicked at src/message/pack_encrypted/mod.rs:2229:9:
assertion `left == right` failed
  left: "Illegal argument provided: `message.from` value is not equal to `from` value's DID"
 right: "Illegal argument: `message.from` value is not equal to `from` value's DID"

---- message::pack_encrypted::tests::pack_encrypted_works_from_not_did_or_did_url stdout ----

thread 'message::pack_encrypted::tests::pack_encrypted_works_from_not_did_or_did_url' panicked at src/message/pack_encrypted/mod.rs:2137:9:
assertion `left == right` failed
  left: "Illegal argument provided: `from` value is not a valid DID or DID URL"
 right: "Illegal argument: `from` value is not a valid DID or DID URL"

---- message::pack_encrypted::tests::pack_encrypted_works_from_not_did_or_did_url_in_msg stdout ----

thread 'message::pack_encrypted::tests::pack_encrypted_works_from_not_did_or_did_url_in_msg' panicked at src/message/pack_encrypted/mod.rs:2317:9:
assertion `left == right` failed
  left: "Illegal argument provided: `from` value is not a valid DID or DID URL"
 right: "Illegal argument: `from` value is not a valid DID or DID URL"

---- message::pack_encrypted::tests::pack_encrypted_works_sign_by_not_did_or_did_url stdout ----

thread 'message::pack_encrypted::tests::pack_encrypted_works_sign_by_not_did_or_did_url' panicked at src/message/pack_encrypted/mod.rs:2197:9:
assertion `left == right` failed
  left: "Illegal argument provided: `sign_from` value is not a valid DID or DID URL"
 right: "Illegal argument: `sign_from` value is not a valid DID or DID URL"

---- message::pack_encrypted::tests::pack_encrypted_works_to_did_to_msg_did_url stdout ----

thread 'message::pack_encrypted::tests::pack_encrypted_works_to_did_to_msg_did_url' panicked at src/message/pack_encrypted/mod.rs:2482:9:
assertion `left == right` failed
  left: "Illegal argument provided: `message.to` value does not contain `to` value's DID"
 right: "Illegal argument: `message.to` value does not contain `to` value's DID"

---- message::pack_encrypted::tests::pack_encrypted_works_to_differs_msg_to stdout ----

thread 'message::pack_encrypted::tests::pack_encrypted_works_to_differs_msg_to' panicked at src/message/pack_encrypted/mod.rs:2261:9:
assertion `left == right` failed
  left: "Illegal argument provided: `message.to` value does not contain `to` value's DID"
 right: "Illegal argument: `message.to` value does not contain `to` value's DID"

---- message::pack_encrypted::tests::pack_encrypted_works_to_from_different_curves stdout ----

thread 'message::pack_encrypted::tests::pack_encrypted_works_to_from_different_curves' panicked at src/message/pack_encrypted/mod.rs:2783:13:
assertion `left == right` failed
  left: "No compatible cryptographic algorithms found: No common keys between sender and recipient found"
 right: "No compatible crypto: No common keys between sender and recipient found"

---- message::pack_encrypted::tests::pack_encrypted_works_to_not_did_or_did_url stdout ----

thread 'message::pack_encrypted::tests::pack_encrypted_works_to_not_did_or_did_url' panicked at src/message/pack_encrypted/mod.rs:2167:9:
assertion `left == right` failed
  left: "Illegal argument provided: `to` value is not a valid DID or DID URL"
 right: "Illegal argument: `to` value is not a valid DID or DID URL"

---- message::pack_encrypted::tests::pack_encrypted_works_to_not_did_or_did_url_in_msg stdout ----

thread 'message::pack_encrypted::tests::pack_encrypted_works_to_not_did_or_did_url_in_msg' panicked at src/message/pack_encrypted/mod.rs:2349:9:
assertion `left == right` failed
  left: "Illegal argument provided: `to` value is not a valid DID or DID URL"
 right: "Illegal argument: `to` value is not a valid DID or DID URL"

---- message::pack_plaintext::tests::pack_plaintext_works_mismatched_from_prior_sub_and_message_from stdout ----

thread 'message::pack_plaintext::tests::pack_plaintext_works_mismatched_from_prior_sub_and_message_from' panicked at src/message/pack_plaintext.rs:173:9:
assertion `left == right` failed
  left: "Message malformed or invalid: from_prior `sub` value is not equal to message `from` value"
 right: "Malformed: from_prior `sub` value is not equal to message `from` value"

---- message::pack_signed::tests::pack_signed_works_signer_did_resolving_err stdout ----

thread 'message::pack_signed::tests::pack_signed_works_signer_did_resolving_err' panicked at src/message/pack_signed.rs:359:9:
assertion `left == right` failed
  left: "Invalid system state: Unable resolve signer did: Mock error"
 right: "Invalid state: Unable resolve signer did: Mock error"

---- message::pack_signed::tests::pack_signed_works_signer_is_not_did_our_did_url stdout ----

thread 'message::pack_signed::tests::pack_signed_works_signer_is_not_did_our_did_url' panicked at src/message/pack_signed.rs:317:9:
assertion `left == right` failed
  left: "Illegal argument provided: `sign_from` value is not a valid DID or DID URL"
 right: "Illegal argument: `sign_from` value is not a valid DID or DID URL"

---- message::pack_signed::tests::pack_signed_works_unable_instantiate_sign_key stdout ----

thread 'message::pack_signed::tests::pack_signed_works_unable_instantiate_sign_key' panicked at src/message/pack_signed.rs:421:9:
assertion `left == right` failed
  left: "Unsupported cryptographic algorithm or method: Unable instantiate sign key: Unsupported key type or curve"
 right: "Unsupported crypto or method: Unable instantiate sign key: Unsupported key type or curve"

---- message::unpack::test::unpack_plaintext_works_invalid_from_prior stdout ----

thread 'message::unpack::test::unpack_plaintext_works_invalid_from_prior' panicked at src/message/unpack/mod.rs:2186:9:
assertion `left == right` failed
  left: "Message malformed or invalid: Unable to parse compactly serialized JWS"
 right: "Malformed: Unable to parse compactly serialized JWS"

---- message::unpack::test::unpack_plaintext_works_invalid_from_prior_signature stdout ----

thread 'message::unpack::test::unpack_plaintext_works_invalid_from_prior_signature' panicked at src/message/unpack/mod.rs:2186:9:
assertion `left == right` failed
  left: "Message malformed or invalid: Unable to verify from_prior signature: Unable decode signature: Invalid last symbol 66, offset 85."
 right: "Malformed: Unable to verify from_prior signature: Unable decode signature: Invalid last symbol 66, offset 85."

---- message::unpack::test::unpack_works_malformed_anoncrypt_msg stdout ----

thread 'message::unpack::test::unpack_works_malformed_anoncrypt_msg' panicked at src/message/unpack/mod.rs:2186:9:
assertion `left == right` failed
  left: "Message malformed or invalid: Unable decode protected header: Invalid last symbol 100, offset 6."
 right: "Malformed: Unable decode protected header: Invalid last symbol 100, offset 6."

---- message::unpack::test::unpack_works_malformed_authcrypt_msg stdout ----

thread 'message::unpack::test::unpack_works_malformed_authcrypt_msg' panicked at src/message/unpack/mod.rs:2186:9:
assertion `left == right` failed
  left: "Message malformed or invalid: Unable decode protected header: Invalid last symbol 100, offset 6."
 right: "Malformed: Unable decode protected header: Invalid last symbol 100, offset 6."

---- message::unpack::test::unpack_works_malformed_plaintext_msg stdout ----

thread 'message::unpack::test::unpack_works_malformed_plaintext_msg' panicked at src/message/unpack/mod.rs:2186:9:
assertion `left == right` failed
  left: "Message malformed or invalid: Message is not a valid JWE, JWS or JWM"
 right: "Malformed: Message is not a valid JWE, JWS or JWM"

---- message::unpack::test::unpack_works_malformed_signed_msg stdout ----

thread 'message::unpack::test::unpack_works_malformed_signed_msg' panicked at src/message/unpack/mod.rs:2186:9:
assertion `left == right` failed
  left: "Message malformed or invalid: Wrong signature"
 right: "Malformed: Wrong signature"


failures:
    jwe::decrypt::tests::decrypt_works_anoncrypt_skid_present
    jwe::decrypt::tests::decrypt_works_authcrypt_different_skid
    jwe::decrypt::tests::decrypt_works_authcrypt_no_skid
    jwe::decrypt::tests::decrypt_works_changed_ciphertext
    jwe::decrypt::tests::decrypt_works_changed_enc_key
    jwe::decrypt::tests::decrypt_works_different_recipient_key
    jwe::decrypt::tests::decrypt_works_recipient_not_found
    jwe::decrypt::tests::decrypt_works_undecodable_ciphertext
    jwe::decrypt::tests::decrypt_works_undecodable_encrypted_key
    jwe::decrypt::tests::decrypt_works_undecodable_iv
    jwe::decrypt::tests::decrypt_works_undecodable_tag
    jwe::encrypt::tests::encrypt_works_no_sender
    jwe::parse::tests::parse_works_misstructured
    jwe::parse::tests::parse_works_misstructured_protected
    jwe::parse::tests::parse_works_udecodable_protected
    jwe::parse::tests::parse_works_undecodable_apu
    jwe::parse::tests::parse_works_unparsable
    jwe::parse::tests::parse_works_uparsable_protected
    jwe::parse::tests::verify_didcomm_works_apu_mismatch
    jwe::parse::tests::verify_didcomm_works_apv_mismatch
    jwe::parse::tests::verify_didcomm_works_no_apu_skid_present
    jwe::parse::tests::verify_didcomm_works_non_utf8_apu
    jws::parse::tests::parse_compact_works_misstructured_header
    jws::parse::tests::parse_compact_works_too_few_segments
    jws::parse::tests::parse_compact_works_too_many_segments
    jws::parse::tests::parse_compact_works_undecodable_header
    jws::parse::tests::parse_compact_works_unparsable_header
    jws::parse::tests::parse_works_misstructured
    jws::parse::tests::parse_works_misstructured_protected
    jws::parse::tests::parse_works_undecodable_protected
    jws::parse::tests::parse_works_unparsable
    jws::parse::tests::parse_works_unparsable_protected
    jws::sign::tests::sign_compact_works_incompatible_alg
    jws::sign::tests::sign_compact_works_unknown_alg
    jws::sign::tests::sign_works_incompatible_alg
    jws::sign::tests::sign_works_unknown_alg
    jws::verify::tests::verify_compact_works_different_curve
    jws::verify::tests::verify_compact_works_undecodable_sig
    jws::verify::tests::verify_works_different_curve
    jws::verify::tests::verify_works_kid_not_found
    jws::verify::tests::verify_works_undecodable_sig
    message::from_prior::pack::tests::from_prior_pack_works_invalid
    message::from_prior::pack::tests::from_prior_pack_works_wrong_issuer_kid
    message::from_prior::unpack::tests::from_prior_unpack_works_invalid
    message::from_prior::unpack::tests::from_prior_unpack_works_invalid_signature
    message::pack_encrypted::tests::pack_encrypted_works_from_did_from_msg_did_url
    message::pack_encrypted::tests::pack_encrypted_works_from_differs_msg_from
    message::pack_encrypted::tests::pack_encrypted_works_from_not_did_or_did_url
    message::pack_encrypted::tests::pack_encrypted_works_from_not_did_or_did_url_in_msg
    message::pack_encrypted::tests::pack_encrypted_works_sign_by_not_did_or_did_url
    message::pack_encrypted::tests::pack_encrypted_works_to_did_to_msg_did_url
    message::pack_encrypted::tests::pack_encrypted_works_to_differs_msg_to
    message::pack_encrypted::tests::pack_encrypted_works_to_from_different_curves
    message::pack_encrypted::tests::pack_encrypted_works_to_not_did_or_did_url
    message::pack_encrypted::tests::pack_encrypted_works_to_not_did_or_did_url_in_msg
    message::pack_plaintext::tests::pack_plaintext_works_mismatched_from_prior_sub_and_message_from
    message::pack_signed::tests::pack_signed_works_signer_did_resolving_err
    message::pack_signed::tests::pack_signed_works_signer_is_not_did_our_did_url
    message::pack_signed::tests::pack_signed_works_unable_instantiate_sign_key
    message::unpack::test::unpack_plaintext_works_invalid_from_prior
    message::unpack::test::unpack_plaintext_works_invalid_from_prior_signature
    message::unpack::test::unpack_works_malformed_anoncrypt_msg
    message::unpack::test::unpack_works_malformed_authcrypt_msg
    message::unpack::test::unpack_works_malformed_plaintext_msg
    message::unpack::test::unpack_works_malformed_signed_msg

test result: FAILED. 107 passed; 65 failed; 2 ignored; 0 measured; 0 filtered out; finished in 0.59s

error: test failed, to rerun pass `--lib`
